// Jest Snapshot v1, https://goo.gl/fbAQLP

exports[`<App /> renders correctly 1`] = `
<div
  className="App"
>
  <div
    className="header"
  >
    <h1>
      Tag Cloud
    </h1>
  </div>
  <div
    className="cloud-container"
  >
    <div
      id="loading"
    />
    <div
      id="word-cloud"
    />
  </div>
</div>
`;
